pi@raspberrypi:~ $ python -V
Python 2.7.13
pi@raspberrypi:~ $ env -u PYTHONPATH python -c 'import sys; print(sys.path);'
['', '/usr/lib/python2.7', '/usr/lib/python2.7/plat-arm-linux-gnueabihf', '/usr/lib/python2.7/lib-tk', '/usr/lib/python2.7/lib-old', '/usr/lib/python2.7/lib-dynload', '/home/pi/.local/lib/python2.7/site-packages', '/usr/local/lib/python2.7/dist-packages', '/usr/lib/python2.7/dist-packages', '/usr/lib/python2.7/dist-packages/gtk-2.0']
pi@raspberrypi:~ $ 

pi@raspberrypi:~/SkyHD $ # update-alternatives --list python
pi@raspberrypi:~/SkyHD $ update-alternatives --list python
update-alternatives: error: no alternatives for python
pi@raspberrypi:~/SkyHD $ update-alternatives --install /usr/bin/python python /usr/bin/python2.7.1
update-alternatives: --install needs <link> <name> <path> <priority>

Use 'update-alternatives --help' for program usage information.
pi@raspberrypi:~/SkyHD $ update-alternatives --install /usr/bin/python python /usr/bin/python2.7 1
update-alternatives: using /usr/bin/python2.7 to provide /usr/bin/python (python) in auto mode
update-alternatives: error: error creating symbolic link '/etc/alternatives/python.dpkg-tmp': Permission denied
pi@raspberrypi:~/SkyHD $ sudo update-alternatives --install /usr/bin/python python /usr/bin/python2.7 1
update-alternatives: using /usr/bin/python2.7 to provide /usr/bin/python (python) in auto mode
pi@raspberrypi:~/SkyHD $ sudo update-alternatives --install /usr/bin/python python /usr/bin/python3.5 2
update-alternatives: using /usr/bin/python3.5 to provide /usr/bin/python (python) in auto mode
pi@raspberrypi:~/SkyHD $ python --version
Python 3.5.3
pi@raspberrypi:~/SkyHD $ update-alternatives --list python
/usr/bin/python2.7
/usr/bin/python3.5
pi@raspberrypi:~/SkyHD $ update-alternatives --config python
There are 2 choices for the alternative python (providing /usr/bin/python).


pip show netaddr
pip show configparser
python -c 'import sys; print(sys.path);'
python -c 'import sys; sys.path.append("../"); print(sys.path);'


Name: netaddr
Version: 0.7.19
Summary: A network address manipulation library for Python
Home-page: https://github.com/drkjam/netaddr/
Author: Stefan Nordhausen
Author-email: stefan.nordhausen@immobilienscout24.de
License: BSD License
Location: /home/pi/.local/lib/python2.7/site-packages
Requires: 
Name: configparser
Version: 3.5.0
Summary: This library brings the updated configparser from Python 3.5 to Python 2.6-3.5.
Home-page: http://docs.python.org/3/library/configparser.html
Author: Lukasz Langa
Author-email: lukasz@langa.pl
License: MIT
Location: /home/pi/.local/lib/python2.7/site-packages
Requires: 
['', '/usr/lib/python2.7', '/usr/lib/python2.7/plat-arm-linux-gnueabihf', '/usr/lib/python2.7/lib-tk', '/usr/lib/python2.7/lib-old', '/usr/lib/python2.7/lib-dynload', '/home/pi/.local/lib/python2.7/site-packages', '/usr/local/lib/python2.7/dist-packages', '/usr/lib/python2.7/dist-packages', '/usr/lib/python2.7/dist-packages/gtk-2.0']
